Microchip MPLAB XC8 Compiler V2.46

Linker command line:

-W-3 \
  --edf=C:\Program Files\Microchip\xc8\v2.46\pic\dat\20240104201356_en.msgs \
  -cn -h+dist/default/production\Code.production.sym \
  --cmf=dist/default/production\Code.production.cmf -z -Q18F4620 \
  -oC:\Users\ah427\AppData\Local\Temp\xcAs78k.\driver_tmp_3.o \
  --defsym=__MPLAB_BUILD=1 --fixupoverflow=error \
  -Mdist/default/production/Code.production.map \
  --md=C:\Users\ah427\AppData\Local\Temp\xcAs78k.\driver_tmp_0.dat -E1 \
  -ver=XC8 Compiler --acfsm=1493 -ACODE=00h-0FFFFh -ACONST=00h-0FFFFh \
  -ASMALLCONST=01000h-010FFhx240 -AMEDIUMCONST=01000h-0FFFFh \
  -ACOMRAM=01h-07Fh -AABS1=00h-0F7Fh -ABIGRAM=01h-0F7Fh \
  -ARAM=080h-0FFh,0100h-01FFhx14,0F00h-0F7Fh -ABANK0=080h-0FFh \
  -ABANK1=0100h-01FFh -ABANK2=0200h-02FFh -ABANK3=0300h-03FFh \
  -ABANK4=0400h-04FFh -ABANK5=0500h-05FFh -ABANK6=0600h-06FFh \
  -ABANK7=0700h-07FFh -ABANK8=0800h-08FFh -ABANK9=0900h-09FFh \
  -ABANK10=0A00h-0AFFh -ABANK11=0B00h-0BFFh -ABANK12=0C00h-0CFFh \
  -ABANK13=0D00h-0DFFh -ABANK14=0E00h-0EFFh -ABANK15=0F00h-0F7Fh \
  -ASFR=0F80h-0FFFh -ABIGSFR=0F80h-0FFFh -ACONFIG=0300000h-030000Dh \
  -AIDLOC=0200000h-0200007h -AEEDATA=0F00000h-0F003FFh -peeprom_data=EEDATA \
  -preset_vec=00h,intcode=8h,intcodelo,powerup,init -pramtop=01000h \
  -psmallconst=SMALLCONST -pmediumconst=MEDIUMCONST -pconst=CONST \
  -AFARRAM=00h-00h \
  -prdata=COMRAM,nvrram=COMRAM,nvbit=COMRAM,rbss=COMRAM,rbit=COMRAM \
  -pfarbss=FARRAM,fardata=FARRAM,nvFARRAM=FARRAM \
  -pintsave_regs=BIGRAM,bigbss=BIGRAM,bigdata=BIGRAM -pbss=RAM \
  -pidata=CODE,irdata=CODE,ibigdata=CODE,ifardata=CODE -prparam=COMRAM \
  C:\Users\ah427\AppData\Local\Temp\xcAs78k.\driver_tmp_9.o \
  dist/default/production\Code.production.o 

Object code version is 3.11

Machine type is 18F4620



                Name                               Link     Load   Length Selector   Space Scale
C:\Users\ah427\AppData\Local\Temp\xcAs78k.\driver_tmp_9.o
                config                           300000   300000        E        0       4
                init                                  E        E        4        4       0
                reset_vec                             0        0        4        0       0
dist/default/production\Code.production.o
                intcode                               8        8        6        4       0
                config                           300000   300000        E        0       4
                temp                                 6B       6B        1        1       1
                smallconst                         1000     1000       44      800       0
                text24                             2A2A     2A2A       1A      822       0
                text23                             2A10     2A10       1A      822       0
                text22                             28F2     28F2       46      822       0
                text21                             216E     216E      122      822       0
                text20                             27CC     27CC       6A      822       0
                text19                             2762     2762       6A      822       0
                text18                             2290     2290      116      822       0
                text17                             2972     2972       30      822       0
                text16                             2A5E     2A5E        4     1529       0
                text15                             29A2     29A2       2E      822       0
                intcode_body                       2658     2658       96      822       0
                text13                             1516     1516      4C0      822       0
                text12                             19D6     19D6      39A      822       0
                text11                             23A6     23A6      106      822       0
                text10                             1D70     1D70      1B4      822       0
                text9                              1044     1044      4D2      822       0
                text8                              24AC     24AC       E8      822       0
                text7                              2594     2594       C4      822       0
                text6                              2938     2938       3A      822       0
                text5                              1F24     1F24      126      822       0
                text4                              204A     204A      124      822       0
                text3                              26EE     26EE       74      822       0
                text2                              2836     2836       66      822       0
                text1                              29F4     29F4       1C      822       0
                text0                              2A52     2A52        C     1529       0
                cstackCOMRAM                          1        1       4B        1       1
                cstackBANK0                          A4       A4        C       80       1
                dataBANK0                            80       80       24       80       1
                dataCOMRAM                           5E       5E        D        1       1
                bssCOMRAM                            4C       4C       12        1       1
                cinit                              289C     289C       56      822       0
                idataBANK0                         29D0     29D0       24      822       0
                idataCOMRAM                        2A44     2A44        D      822       0

TOTAL           Name                               Link     Load   Length     Space
        CLASS   CODE           
                intcode                               8        8        6         0
                init                                  E        E        4         0
                reset_vec                             0        0        4         0
                text24                             2A2A     2A2A       1A         0
                text23                             2A10     2A10       1A         0
                text22                             28F2     28F2       46         0
                text21                             216E     216E      122         0
                text20                             27CC     27CC       6A         0
                text19                             2762     2762       6A         0
                text18                             2290     2290      116         0
                text17                             2972     2972       30         0
                text16                             2A5E     2A5E        4         0
                text15                             29A2     29A2       2E         0
                intcode_body                       2658     2658       96         0
                text13                             1516     1516      4C0         0
                text12                             19D6     19D6      39A         0
                text11                             23A6     23A6      106         0
                text10                             1D70     1D70      1B4         0
                text9                              1044     1044      4D2         0
                text8                              24AC     24AC       E8         0
                text7                              2594     2594       C4         0
                text6                              2938     2938       3A         0
                text5                              1F24     1F24      126         0
                text4                              204A     204A      124         0
                text3                              26EE     26EE       74         0
                text2                              2836     2836       66         0
                text1                              29F4     29F4       1C         0
                text0                              2A52     2A52        C         0
                cinit                              289C     289C       56         0
                idataBANK0                         29D0     29D0       24         0
                idataCOMRAM                        2A44     2A44        D         0

        CLASS   CONST          

        CLASS   SMALLCONST     
                smallconst                         1000     1000       44         0

        CLASS   MEDIUMCONST    

        CLASS   COMRAM         
                temp                                 6B       6B        1         1
                cstackCOMRAM                          1        1       4B         1
                dataCOMRAM                           5E       5E        D         1
                bssCOMRAM                            4C       4C       12         1

        CLASS   ABS1           

        CLASS   BIGRAM         

        CLASS   RAM            

        CLASS   BANK0          
                cstackBANK0                          A4       A4        C         1
                dataBANK0                            80       80       24         1

        CLASS   BANK1          

        CLASS   BANK2          

        CLASS   BANK3          

        CLASS   BANK4          

        CLASS   BANK5          

        CLASS   BANK6          

        CLASS   BANK7          

        CLASS   BANK8          

        CLASS   BANK9          

        CLASS   BANK10         

        CLASS   BANK11         

        CLASS   BANK12         

        CLASS   BANK13         

        CLASS   BANK14         

        CLASS   BANK15         

        CLASS   SFR            

        CLASS   BIGSFR         

        CLASS   CONFIG         
                config                           300000   300000        E         4

        CLASS   IDLOC          

        CLASS   EEDATA         

        CLASS   FARRAM         

        CLASS   HEAP           

        CLASS   STACK          



SEGMENTS        Name                           Load    Length   Top    Selector   Space  Class

                reset_vec                      000000  000004  000004         0       0  CODE    
                cstackCOMRAM                   000001  00006B  00006C         1       1  COMRAM  
                intcode                        000008  00000A  000012         4       0  CODE    
                dataBANK0                      000080  000030  0000B0        80       1  BANK0   
                smallconst                     001000  000044  001044       800       0  SMALLCON
                text9                          001044  001A0D  002A51       822       0  CODE    
                text0                          002A52  000010  002A62      1529       0  CODE    


UNUSED ADDRESS RANGES

        Name                Unused          Largest block    Delta
        BANK0            0000B0-0000FF               50
        BANK1            000100-0001FF              100
        BANK10           000A00-000AFF              100
        BANK11           000B00-000BFF              100
        BANK12           000C00-000CFF              100
        BANK13           000D00-000DFF              100
        BANK14           000E00-000EFF              100
        BANK15           000F00-000F7F               80
        BANK2            000200-0002FF              100
        BANK3            000300-0003FF              100
        BANK4            000400-0004FF              100
        BANK5            000500-0005FF              100
        BANK6            000600-0006FF              100
        BANK7            000700-0007FF              100
        BANK8            000800-0008FF              100
        BANK9            000900-0009FF              100
        BIGRAM           00006C-00007F               14
                         0000B0-000F7F              ED0
        BIGSFR           000F80-000FFF               80
        CODE             000004-000007                4
                         000012-000FFF              FEE
                         002A51-002A51                1
                         002A62-00FFFF             D59E
        COMRAM           00006C-00007F               14
        CONST            000004-000007                4
                         000012-000FFF              FEE
                         002A51-002A51                1
                         002A62-00FFFF             D59E
        EEDATA           F00000-F003FF              400
        IDLOC            200000-200007                8
        MEDIUMCONST      002A51-002A51                1
                         002A62-00FFFF             D59E
        RAM              0000B0-000F7F              100
        SFR              000F80-000FFF               80
        SMALLCONST       002A51-002A51                1
                         002A62-00FFFF              100

                                  Symbol Table

?___fladd                                         cstackCOMRAM 00003C
?___fldiv                                         cstackCOMRAM 000023
?___fltol                                         cstackCOMRAM 000015
?___xxtofl                                        cstackCOMRAM 000015
EUSART_Async_Init@eusart                          cstackBANK0  0000AF
EUSART_Async_ReadCharNotBlocking@data             cstackCOMRAM 000001
EUSART_Async_WriteCharBlocking@data               cstackCOMRAM 000001
EUSART_Async_WriteStringBlocking@data             cstackCOMRAM 000002
EUSART_Async_WriteStringBlocking@i                cstackCOMRAM 000008
EUSART_Async_WriteStringBlocking@lenStr           cstackCOMRAM 000003
EUSART_Async_WriteStringBlocking@ret              cstackCOMRAM 000007
EUSART_Async_WriteStringNonBlocking@current_index bssCOMRAM    00005C
Eusart_Async_Calc_BaudRate@baudRate_formula       cstackBANK0  0000A7
Eusart_Async_Calc_BaudRate@eusart                 cstackBANK0  0000A4
Eusart_Async_Rx_Init@eusart                       cstackCOMRAM 000015
Eusart_Async_Tx_Init@eusart                       cstackCOMRAM 000015
_BAUDCONbits                                      (abs)        000FB8
_EUSART_Async_Init                                text6        002938
_EUSART_Async_ReadCharNotBlocking                 text24       002A2A
_EUSART_Async_WriteCharBlocking                   text23       002A10
_EUSART_Async_WriteStringBlocking                 text22       0028F2
_EUSART_FraminErrorInterruptHandler               bssCOMRAM    00004E
_EUSART_OverrunErrorInterruptHandler              bssCOMRAM    00004C
_EUSART_RXInterruptHandler                        bssCOMRAM    000050
_EUSART_TXInterruptHandler                        bssCOMRAM    000052
_Eusart_Async_Calc_BaudRate                       text9        001044
_Eusart_Async_Calc_BaudRate$1627                  cstackBANK0  0000AB
_Eusart_Async_Rx_Init                             text8        0024AC
_Eusart_Async_Tx_Init                             text7        002594
_Eusart_Call_Rx_Interrupt                         text18       002290
_Eusart_Call_Tx_Interrupt                         text16       002A5E
_INTCONbits                                       (abs)        000FF2
_ISR_RX_EUSART                                    text17       002972
_ISR_TX_EUSART                                    text15       0029A2
_InterruptManagerHigh                             intcode      000008
_LATA                                             (abs)        000F89
_LATB                                             (abs)        000F8A
_LATC                                             (abs)        000F8B
_LATD                                             (abs)        000F8C
_LATE                                             (abs)        000F8D
_PIE1bits                                         (abs)        000F9D
_PIR1bits                                         (abs)        000F9E
_PORTA                                            (abs)        000F80
_PORTB                                            (abs)        000F81
_PORTC                                            (abs)        000F82
_PORTD                                            (abs)        000F83
_PORTE                                            (abs)        000F84
_RCREG                                            (abs)        000FAE
_RCSTAbits                                        (abs)        000FAB
_SPBRG                                            (abs)        000FAF
_SPBRGH                                           (abs)        000FB0
_TRISA                                            (abs)        000F92
_TRISB                                            (abs)        000F93
_TRISC                                            (abs)        000F94
_TRISCbits                                        (abs)        000F94
_TRISD                                            (abs)        000F95
_TRISE                                            (abs)        000F96
_TXREG                                            (abs)        000FAD
_TXSTAbits                                        (abs)        000FAC
__HRAM                                            (abs)        000000
__H__absolute__                                   __absolute__ 000000
__Habs1                                           abs1         000000
__Hbank0                                          bank0        000000
__Hbank1                                          bank1        000000
__Hbank10                                         bank10       000000
__Hbank11                                         bank11       000000
__Hbank12                                         bank12       000000
__Hbank13                                         bank13       000000
__Hbank14                                         bank14       000000
__Hbank15                                         bank15       000000
__Hbank2                                          bank2        000000
__Hbank3                                          bank3        000000
__Hbank4                                          bank4        000000
__Hbank5                                          bank5        000000
__Hbank6                                          bank6        000000
__Hbank7                                          bank7        000000
__Hbank8                                          bank8        000000
__Hbank9                                          bank9        000000
__Hbigbss                                         bigbss       000000
__Hbigdata                                        bigdata      000000
__Hbigram                                         bigram       000000
__Hbigsfr                                         bigsfr       000000
__Hbss                                            bss          000000
__HbssCOMRAM                                      bssCOMRAM    000000
__Hcinit                                          cinit        000000
__Hclrtext                                        clrtext      000000
__Hcomram                                         comram       000000
__Hconfig                                         config       30000E
__Hconst                                          const        000000
__HcstackBANK0                                    cstackBANK0  000000
__HcstackCOMRAM                                   cstackCOMRAM 000000
__Hdata                                           data         000000
__HdataBANK0                                      dataBANK0    000000
__HdataCOMRAM                                     dataCOMRAM   000000
__Heeprom_data                                    eeprom_data  000000
__Hfarbss                                         farbss       000000
__Hfardata                                        fardata      000000
__Hheap                                           heap         000000
__Hibigdata                                       ibigdata     000000
__Hidata                                          idata        000000
__HidataBANK0                                     idataBANK0   000000
__HidataCOMRAM                                    idataCOMRAM  000000
__Hidloc                                          idloc        000000
__Hifardata                                       ifardata     000000
__Hinit                                           init         000012
__Hintcode                                        intcode      00000E
__Hintcode_body                                   intcode_body 000000
__Hintcodelo                                      intcodelo    00000E
__Hintentry                                       intentry     000000
__Hintret                                         intret       000000
__Hintsave_regs                                   intsave_regs 000000
__Hirdata                                         irdata       000000
__Hmediumconst                                    mediumconst  000000
__HnvFARRAM                                       nvFARRAM     000000
__Hnvbit                                          nvbit        000000
__Hnvrram                                         nvrram       000000
__Hparam                                          rparam       000000
__Hpowerup                                        powerup      00000E
__Hram                                            ram          000000
__Hramtop                                         ramtop       001000
__Hrbit                                           rbit         000000
__Hrbss                                           rbss         000000
__Hrdata                                          rdata        000000
__Hreset_vec                                      reset_vec    000004
__Hrparam                                         rparam       000000
__Hsfr                                            sfr          000000
__Hsivt_hi                                        sivt_hi      000000
__Hsivt_lo                                        sivt_lo      000000
__Hsmallconst                                     smallconst   001044
__Hspace_0                                        (abs)        002A62
__Hspace_1                                        (abs)        0000B0
__Hspace_2                                        (abs)        000000
__Hspace_4                                        (abs)        60000E
__Hstack                                          stack        000000
__Hstruct                                         struct       000000
__Htemp                                           temp         00006C
__Htext                                           text         000000
__Htext0                                          text0        000000
__Htext1                                          text1        000000
__Htext10                                         text10       000000
__Htext11                                         text11       000000
__Htext12                                         text12       000000
__Htext13                                         text13       000000
__Htext15                                         text15       000000
__Htext16                                         text16       000000
__Htext17                                         text17       000000
__Htext18                                         text18       000000
__Htext19                                         text19       000000
__Htext2                                          text2        000000
__Htext20                                         text20       000000
__Htext21                                         text21       000000
__Htext22                                         text22       000000
__Htext23                                         text23       000000
__Htext24                                         text24       000000
__Htext3                                          text3        000000
__Htext4                                          text4        000000
__Htext5                                          text5        000000
__Htext6                                          text6        000000
__Htext7                                          text7        000000
__Htext8                                          text8        000000
__Htext9                                          text9        000000
__LRAM                                            (abs)        000001
__L__absolute__                                   __absolute__ 000000
__Labs1                                           abs1         000000
__Lbank0                                          bank0        000000
__Lbank1                                          bank1        000000
__Lbank10                                         bank10       000000
__Lbank11                                         bank11       000000
__Lbank12                                         bank12       000000
__Lbank13                                         bank13       000000
__Lbank14                                         bank14       000000
__Lbank15                                         bank15       000000
__Lbank2                                          bank2        000000
__Lbank3                                          bank3        000000
__Lbank4                                          bank4        000000
__Lbank5                                          bank5        000000
__Lbank6                                          bank6        000000
__Lbank7                                          bank7        000000
__Lbank8                                          bank8        000000
__Lbank9                                          bank9        000000
__Lbigbss                                         bigbss       000000
__Lbigdata                                        bigdata      000000
__Lbigram                                         bigram       000000
__Lbigsfr                                         bigsfr       000000
__Lbss                                            bss          000000
__LbssCOMRAM                                      bssCOMRAM    000000
__Lcinit                                          cinit        000000
__Lclrtext                                        clrtext      000000
__Lcomram                                         comram       000000
__Lconfig                                         config       000000
__Lconst                                          const        000000
__LcstackBANK0                                    cstackBANK0  000000
__LcstackCOMRAM                                   cstackCOMRAM 000000
__Ldata                                           data         000000
__LdataBANK0                                      dataBANK0    000000
__LdataCOMRAM                                     dataCOMRAM   000000
__Leeprom_data                                    eeprom_data  000000
__Lfarbss                                         farbss       000000
__Lfardata                                        fardata      000000
__Lheap                                           heap         000000
__Libigdata                                       ibigdata     000000
__Lidata                                          idata        000000
__LidataBANK0                                     idataBANK0   000000
__LidataCOMRAM                                    idataCOMRAM  000000
__Lidloc                                          idloc        000000
__Lifardata                                       ifardata     000000
__Linit                                           init         00000E
__Lintcode                                        intcode      000008
__Lintcode_body                                   intcode_body 000000
__Lintcodelo                                      intcodelo    00000E
__Lintentry                                       intentry     000000
__Lintret                                         intret       000000
__Lintsave_regs                                   intsave_regs 000000
__Lirdata                                         irdata       000000
__Lmediumconst                                    mediumconst  000000
__LnvFARRAM                                       nvFARRAM     000000
__Lnvbit                                          nvbit        000000
__Lnvrram                                         nvrram       000000
__Lparam                                          rparam       000000
__Lpowerup                                        powerup      00000E
__Lram                                            ram          000000
__Lramtop                                         ramtop       001000
__Lrbit                                           rbit         000000
__Lrbss                                           rbss         000000
__Lrdata                                          rdata        000000
__Lreset_vec                                      reset_vec    000000
__Lrparam                                         rparam       000000
__Lsfr                                            sfr          000000
__Lsivt_hi                                        sivt_hi      000000
__Lsivt_lo                                        sivt_lo      000000
__Lsmallconst                                     smallconst   001000
__Lspace_0                                        (abs)        000000
__Lspace_1                                        (abs)        000000
__Lspace_2                                        (abs)        000000
__Lspace_4                                        (abs)        000000
__Lstack                                          stack        000000
__Lstruct                                         struct       000000
__Ltemp                                           temp         00006B
__Ltext                                           text         000000
__Ltext0                                          text0        000000
__Ltext1                                          text1        000000
__Ltext10                                         text10       000000
__Ltext11                                         text11       000000
__Ltext12                                         text12       000000
__Ltext13                                         text13       000000
__Ltext15                                         text15       000000
__Ltext16                                         text16       000000
__Ltext17                                         text17       000000
__Ltext18                                         text18       000000
__Ltext19                                         text19       000000
__Ltext2                                          text2        000000
__Ltext20                                         text20       000000
__Ltext21                                         text21       000000
__Ltext22                                         text22       000000
__Ltext23                                         text23       000000
__Ltext24                                         text24       000000
__Ltext3                                          text3        000000
__Ltext4                                          text4        000000
__Ltext5                                          text5        000000
__Ltext6                                          text6        000000
__Ltext7                                          text7        000000
__Ltext8                                          text8        000000
__Ltext9                                          text9        000000
__S0                                              (abs)        002A62
__S1                                              (abs)        0000B0
__S4                                              (abs)        000000
__S5                                              (abs)        000000
___fladd                                          text13       001516
___fladd@a                                        cstackCOMRAM 000040
___fladd@aexp                                     cstackCOMRAM 000049
___fladd@b                                        cstackCOMRAM 00003C
___fladd@bexp                                     cstackCOMRAM 00004A
___fladd@grs                                      cstackCOMRAM 00004B
___fladd@signs                                    cstackCOMRAM 000048
___fldiv                                          text12       0019D6
___fldiv@a                                        cstackCOMRAM 000027
___fldiv@aexp                                     cstackCOMRAM 00003B
___fldiv@b                                        cstackCOMRAM 000023
___fldiv@bexp                                     cstackCOMRAM 00003A
___fldiv@grs                                      cstackCOMRAM 000036
___fldiv@new_exp                                  cstackCOMRAM 000034
___fldiv@rem                                      cstackCOMRAM 00002F
___fldiv@sign                                     cstackCOMRAM 000033
___fltol                                          text11       0023A6
___fltol@exp1                                     cstackCOMRAM 00001E
___fltol@f1                                       cstackCOMRAM 000015
___fltol@sign1                                    cstackCOMRAM 00001D
___heap_hi                                        (abs)        000000
___heap_lo                                        (abs)        000000
___inthi_sp                                       stack        000000
___inthi_stack_hi                                 stack        000000
___inthi_stack_lo                                 stack        000000
___intlo_sp                                       stack        000000
___intlo_stack_hi                                 stack        000000
___intlo_stack_lo                                 stack        000000
___param_bank                                     (abs)        000000
___rparam_used                                    (abs)        000001
___sp                                             stack        000000
___stack_hi                                       stack        000000
___stack_lo                                       stack        000000
___xxtofl                                         text10       001D70
___xxtofl@arg                                     cstackCOMRAM 00001F
___xxtofl@exp                                     cstackCOMRAM 00001E
___xxtofl@sign                                    cstackCOMRAM 00001D
___xxtofl@val                                     cstackCOMRAM 000015
__accesstop                                       (abs)        000080
__activetblptr                                    (abs)        000003
__end_of_EUSART_Async_Init                        text6        002972
__end_of_EUSART_Async_ReadCharNotBlocking         text24       002A44
__end_of_EUSART_Async_WriteCharBlocking           text23       002A2A
__end_of_EUSART_Async_WriteStringBlocking         text22       002938
__end_of_Eusart_Async_Calc_BaudRate               text9        001516
__end_of_Eusart_Async_Rx_Init                     text8        002594
__end_of_Eusart_Async_Tx_Init                     text7        002658
__end_of_Eusart_Call_Rx_Interrupt                 text18       0023A6
__end_of_Eusart_Call_Tx_Interrupt                 text16       002A62
__end_of_ISR_RX_EUSART                            text17       0029A2
__end_of_ISR_TX_EUSART                            text15       0029D0
__end_of_InterruptManagerHigh                     intcode_body 0026EE
__end_of___fladd                                  text13       0019D6
__end_of___fldiv                                  text12       001D70
__end_of___fltol                                  text11       0024AC
__end_of___xxtofl                                 text10       001F24
__end_of__initialization                          cinit        0028E8
__end_of_gpio_pin_direction_initialize            text5        00204A
__end_of_gpio_pin_initialize                      text3        002762
__end_of_gpio_pin_write_logic                     text4        00216E
__end_of_initialization                           text1        002A10
__end_of_led_initialize                           text2        00289C
__end_of_led_turn_off                             text20       002836
__end_of_led_turn_on                              text19       0027CC
__end_of_main                                     text0        002A5E
__end_ofi2_gpio_pin_write_logic                   text21       002290
__initialization                                  cinit        00289C
__mediumconst                                     mediumconst  000000
__pbssCOMRAM                                      bssCOMRAM    00004C
__pcinit                                          cinit        00289C
__pcstackBANK0                                    cstackBANK0  0000A4
__pcstackCOMRAM                                   cstackCOMRAM 000001
__pdataBANK0                                      dataBANK0    000080
__pdataCOMRAM                                     dataCOMRAM   00005E
__pidataBANK0                                     idataBANK0   0029D0
__pidataCOMRAM                                    idataCOMRAM  002A44
__pintcode                                        intcode      000008
__pintcode_body                                   intcode_body 002658
__psmallconst                                     smallconst   001000
__ptext0                                          text0        002A52
__ptext1                                          text1        0029F4
__ptext10                                         text10       001D70
__ptext11                                         text11       0023A6
__ptext12                                         text12       0019D6
__ptext13                                         text13       001516
__ptext15                                         text15       0029A2
__ptext16                                         text16       002A5E
__ptext17                                         text17       002972
__ptext18                                         text18       002290
__ptext19                                         text19       002762
__ptext2                                          text2        002836
__ptext20                                         text20       0027CC
__ptext21                                         text21       00216E
__ptext22                                         text22       0028F2
__ptext23                                         text23       002A10
__ptext24                                         text24       002A2A
__ptext3                                          text3        0026EE
__ptext4                                          text4        00204A
__ptext5                                          text5        001F24
__ptext6                                          text6        002938
__ptext7                                          text7        002594
__ptext8                                          text8        0024AC
__ptext9                                          text9        001044
__ramtop                                          ramtop       001000
__smallconst                                      smallconst   001000
_eusart_obj                                       dataBANK0    000094
_framingError_interrupt                           bssCOMRAM    000058
_gpio_pin_direction_initialize                    text5        001F24
_gpio_pin_initialize                              text3        0026EE
_gpio_pin_write_logic                             text4        00204A
_initialization                                   text1        0029F4
_lat_registers                                    dataCOMRAM   00005E
_led1                                             dataCOMRAM   00006A
_led2                                             dataCOMRAM   000069
_led_initialize                                   text2        002836
_led_turn_off                                     text20       0027CC
_led_turn_on                                      text19       002762
_main                                             text0        002A52
_overrunError_interrupt                           bssCOMRAM    000059
_port_registers                                   dataBANK0    000080
_readByte                                         bssCOMRAM    00005D
_ret                                              dataCOMRAM   000068
_rx_interrupt                                     bssCOMRAM    00005A
_tris_registers                                   dataBANK0    00008A
_tx_interrupt                                     bssCOMRAM    00005B
btemp                                             temp         00006B
end_of_initialization                             cinit        0028E8
gpio_pin_direction_initialize@_pin_config         cstackCOMRAM 000015
gpio_pin_initialize@_pin_config                   cstackCOMRAM 00001C
gpio_pin_initialize@ret                           cstackCOMRAM 00001E
gpio_pin_write_logic@_pin_config                  cstackCOMRAM 000015
gpio_pin_write_logic@logic                        cstackCOMRAM 000016
i2_gpio_pin_write_logic                           text21       00216E
i2gpio_pin_write_logic@_pin_config                cstackCOMRAM 000001
i2gpio_pin_write_logic@logic                      cstackCOMRAM 000002
int$flags                                         temp         00006B
int_func                                          intcode_body 002658
intlevel0                                         text         000000
intlevel1                                         text         000000
intlevel2                                         text         000000
intlevel3                                         text         000000
isa$std                                           (abs)        000001
isa$xinst                                         (abs)        000000
led_initialize@F2573                              bssCOMRAM    000057
led_initialize@led                                cstackCOMRAM 00001F
led_initialize@pin_obj                            cstackCOMRAM 000021
led_turn_off@F2583                                bssCOMRAM    000055
led_turn_off@led                                  cstackCOMRAM 000008
led_turn_off@pin_obj                              cstackCOMRAM 00000A
led_turn_on@F2578                                 bssCOMRAM    000056
led_turn_on@led                                   cstackCOMRAM 000008
led_turn_on@pin_obj                               cstackCOMRAM 00000A
led_turn_toggle@F2588                             bssCOMRAM    000054
stackhi                                           (abs)        000000
stacklo                                           (abs)        000000
start                                             init         00000E
start_initialization                              cinit        00289C
ttemp5                                            temp         00006C
ttemp6                                            temp         00006F
ttemp7                                            temp         000073
wtemp8                                            temp         00006C


MODULE INFORMATION

Module		Function		Class		Link	Load	Size
C:\Program Files\Microchip\xc8\v2.46\pic\sources\c99\common\fltol.c
		___fltol       		CODE           	23A6	0000	262

C:\Program Files\Microchip\xc8\v2.46\pic\sources\c99\common\fltol.c estimated size: 262

C:\Program Files\Microchip\xc8\v2.46\pic\sources\c99\common\xxtofl.c
		___xxtofl      		CODE           	1D70	0000	436

C:\Program Files\Microchip\xc8\v2.46\pic\sources\c99\common\xxtofl.c estimated size: 436

C:\Program Files\Microchip\xc8\v2.46\pic\sources\c99\common\sprcdiv.c
		___fldiv       		CODE           	19D6	0000	922

C:\Program Files\Microchip\xc8\v2.46\pic\sources\c99\common\sprcdiv.c estimated size: 922

MCAL/GPIO/hal_gpio.c
		_gpio_pin_write_logic		CODE           	204A	0000	292
		_gpio_pin_direction_initialize		CODE           	1F24	0000	294
		_gpio_pin_initialize		CODE           	26EE	0000	116

MCAL/GPIO/hal_gpio.c estimated size: 702

ECU/LED/ecu_led.c
		_led_initialize		CODE           	2836	0000	102
		_led_turn_on   		CODE           	2762	0000	106
		_led_turn_off  		CODE           	27CC	0000	106

ECU/LED/ecu_led.c estimated size: 314

shared
		__initialization		CODE           	289C	0000	76
		i2_gpio_pin_write_logic		CODE           	216E	0000	290

shared estimated size: 366

MCAL/EUSART/hal_eusart.c
		_EUSART_Async_WriteCharBlocking		CODE           	2A10	0000	26
		_ISR_RX_EUSART 		CODE           	2972	0000	48
		_Eusart_Async_Rx_Init		CODE           	24AC	0000	232
		_Eusart_Async_Tx_Init		CODE           	2594	0000	196
		_EUSART_Async_ReadCharNotBlocking		CODE           	2A2A	0000	26
		_EUSART_Async_Init		CODE           	2938	0000	58
		_ISR_TX_EUSART 		CODE           	29A2	0000	46
		_EUSART_Async_WriteStringBlocking		CODE           	28F2	0000	70
		_Eusart_Async_Calc_BaudRate		CODE           	1044	0000	1234

MCAL/EUSART/hal_eusart.c estimated size: 1936

app.c
		_initialization		CODE           	29F4	0000	28
		_Eusart_Call_Rx_Interrupt		CODE           	2290	0000	278
		_Eusart_Call_Tx_Interrupt		CODE           	2A5E	0000	4
		_main          		CODE           	2A52	0000	12

app.c estimated size: 322

MCAL/INTERRUPT/manage_interrupt.c
		_InterruptManagerHigh		CODE           	0008	0000	156

MCAL/INTERRUPT/manage_interrupt.c estimated size: 156

C:\Program Files\Microchip\xc8\v2.46\pic\sources\c99\common\sprcadd.c
		___fladd       		CODE           	1516	0000	1216

C:\Program Files\Microchip\xc8\v2.46\pic\sources\c99\common\sprcadd.c estimated size: 1216

